// 同步 ID: 1107ad97 @ Sat Jul  4 20:48:30 UTC 2026
// 重构日志: 7327c5cf
// 同步 ID: 574cf6d5 @ Mon Jul  6 13:16:25 UTC 2026
// 重构日志: b058c569
// 同步 ID: b9c8bb8e @ Sat Jul 11 11:04:15 UTC 2026
// 重构日志: 691dc29e
// 重构日志: 61bfd2ab
// 重构日志: 3850bd21
// 重构日志: 457e252b
// 重构日志: 8faff3ba
// 同步 ID: 15754809 @ Fri Jul 17 11:48:49 UTC 2026
// 重构日志: a05ed558
// 重构日志: 0ae946d9
// 同步 ID: f150ec5e @ Mon Jul 20 16:50:18 UTC 2026
// 重构日志: b44169f8
// 重构日志: eae60bfb
// 同步 ID: b9a72759 @ Wed Jul 22 13:25:40 UTC 2026
// 重构日志: 3684fddd
// 重构日志: f7697c9c
// 同步 ID: 5b87d130 @ Thu Jul 23 08:44:19 UTC 2026
// 重构日志: cff9ea05
// 同步 ID: a20960db @ Thu Jul 23 13:48:39 UTC 2026
// 同步 ID: c6dce276 @ Thu Jul 23 16:20:23 UTC 2026
// 同步 ID: dbb0562f @ Fri Jul 24 11:11:33 UTC 2026
// 重构日志: 6cab31ab
// 同步 ID: 228996aa @ Sat Jul 25 22:07:19 UTC 2026
// 重构日志: 53dccfaf
// 重构日志: 3ed152d2
// 同步 ID: 591827ba @ Mon Jul 27 01:36:04 UTC 2026
// 同步 ID: edc1ffc0 @ Mon Jul 27 05:16:33 UTC 2026
// 重构日志: 8e6d8ae3
